MPLINK 5.08, LINKER
Linker Map File - Created Tue Aug  9 04:19:51 2022

                                 Section Info
                  Section       Type    Address   Location Size(Bytes)
                ---------  ---------  ---------  ---------  ---------
                   .org_0       code   0x000000    program   0x00007c
                   .cinit    romdata   0x00003e    program   0x000004
.config_2007_BUILD/DEFAULT/PRODUCTION/DEMO_MA       code   0x002007    program   0x000002



                              Program Memory Usage 
                               Start         End      
                           ---------   ---------      
                            0x000000    0x00003f      
                            0x002007    0x002007      
            65 out of 8454 program addresses used, program memory utilization is 0%



                              Symbols - Sorted by Name
                     Name    Address   Location    Storage File                     
                ---------  ---------  ---------  --------- ---------                
                _1DECRE3V   0x000011    program     static /home/vill4in/MPLABXProjects/877A_DEMO_MACRO_ASM.X/DEMO_MACRO.asm
              _1RECARGA3V   0x00000f    program     static /home/vill4in/MPLABXProjects/877A_DEMO_MACRO_ASM.X/DEMO_MACRO.asm
                   _1ST3V   0x00000d    program     static /home/vill4in/MPLABXProjects/877A_DEMO_MACRO_ASM.X/DEMO_MACRO.asm
                _2DECREV2   0x000025    program     static /home/vill4in/MPLABXProjects/877A_DEMO_MACRO_ASM.X/DEMO_MACRO.asm
              _2RECARGAV2   0x000023    program     static /home/vill4in/MPLABXProjects/877A_DEMO_MACRO_ASM.X/DEMO_MACRO.asm
                _3DECREV1   0x000033    program     static /home/vill4in/MPLABXProjects/877A_DEMO_MACRO_ASM.X/DEMO_MACRO.asm



                              Symbols - Sorted by Address
                     Name    Address   Location    Storage File                     
                ---------  ---------  ---------  --------- ---------                
                   _1ST3V   0x00000d    program     static /home/vill4in/MPLABXProjects/877A_DEMO_MACRO_ASM.X/DEMO_MACRO.asm
              _1RECARGA3V   0x00000f    program     static /home/vill4in/MPLABXProjects/877A_DEMO_MACRO_ASM.X/DEMO_MACRO.asm
                _1DECRE3V   0x000011    program     static /home/vill4in/MPLABXProjects/877A_DEMO_MACRO_ASM.X/DEMO_MACRO.asm
              _2RECARGAV2   0x000023    program     static /home/vill4in/MPLABXProjects/877A_DEMO_MACRO_ASM.X/DEMO_MACRO.asm
                _2DECREV2   0x000025    program     static /home/vill4in/MPLABXProjects/877A_DEMO_MACRO_ASM.X/DEMO_MACRO.asm
                _3DECREV1   0x000033    program     static /home/vill4in/MPLABXProjects/877A_DEMO_MACRO_ASM.X/DEMO_MACRO.asm


