MPLINK 5.08, LINKER
Linker Map File - Created Sun Jul 24 04:41:35 2022

                                 Section Info
                  Section       Type    Address   Location Size(Bytes)
                ---------  ---------  ---------  ---------  ---------
                   .org_0       code   0x000000    program   0x00003e
                   .cinit    romdata   0x00001f    program   0x000004
.config_2007_BUILD/DEFAULT/PRODUCTION/EJERCIC       code   0x002007    program   0x000002



                              Program Memory Usage 
                               Start         End      
                           ---------   ---------      
                            0x000000    0x000020      
                            0x002007    0x002007      
            34 out of 8454 program addresses used, program memory utilization is 0%



                              Symbols - Sorted by Name
                     Name    Address   Location    Storage File                     
                ---------  ---------  ---------  --------- ---------                
                 PB_MAYOR   0x00001a    program     static /home/vill4in/MPLABXProjects/877A_Ejercicio_09_ASM.X/EJERCICIO_09.asm
              PB_MAYOR_IG   0x000013    program     static /home/vill4in/MPLABXProjects/877A_Ejercicio_09_ASM.X/EJERCICIO_09.asm
                 PB_MENOR   0x00000e    program     static /home/vill4in/MPLABXProjects/877A_Ejercicio_09_ASM.X/EJERCICIO_09.asm
                   REPITE   0x000008    program     static /home/vill4in/MPLABXProjects/877A_Ejercicio_09_ASM.X/EJERCICIO_09.asm



                              Symbols - Sorted by Address
                     Name    Address   Location    Storage File                     
                ---------  ---------  ---------  --------- ---------                
                   REPITE   0x000008    program     static /home/vill4in/MPLABXProjects/877A_Ejercicio_09_ASM.X/EJERCICIO_09.asm
                 PB_MENOR   0x00000e    program     static /home/vill4in/MPLABXProjects/877A_Ejercicio_09_ASM.X/EJERCICIO_09.asm
              PB_MAYOR_IG   0x000013    program     static /home/vill4in/MPLABXProjects/877A_Ejercicio_09_ASM.X/EJERCICIO_09.asm
                 PB_MAYOR   0x00001a    program     static /home/vill4in/MPLABXProjects/877A_Ejercicio_09_ASM.X/EJERCICIO_09.asm


