MPLINK 5.08, LINKER
Linker Map File - Created Fri Jul 29 14:56:32 2022

                                 Section Info
                  Section       Type    Address   Location Size(Bytes)
                ---------  ---------  ---------  ---------  ---------
                   .org_0       code   0x000000    program   0x00006e
                   .cinit    romdata   0x000037    program   0x000004
.config_2007_BUILD/DEFAULT/PRODUCTION/AREBOTE       code   0x002007    program   0x000002



                              Program Memory Usage 
                               Start         End      
                           ---------   ---------      
                            0x000000    0x000038      
                            0x002007    0x002007      
            58 out of 8454 program addresses used, program memory utilization is 0%



                              Symbols - Sorted by Name
                     Name    Address   Location    Storage File                     
                ---------  ---------  ---------  --------- ---------                
                 PARPADEO   0x000007    program     static /home/vill4in/MPLABXProjects/877A_Antireb_Parpadeo_ASM.X/AREBOTE_PARPADEO.asm
             _.org_0_0014   0x000014    program     static /home/vill4in/MPLABXProjects/877A_Antireb_Parpadeo_ASM.X/AREBOTE_PARPADEO.asm
             _.org_0_0016   0x000016    program     static /home/vill4in/MPLABXProjects/877A_Antireb_Parpadeo_ASM.X/AREBOTE_PARPADEO.asm
             _.org_0_002B   0x00002b    program     static /home/vill4in/MPLABXProjects/877A_Antireb_Parpadeo_ASM.X/AREBOTE_PARPADEO.asm
             _.org_0_002D   0x00002d    program     static /home/vill4in/MPLABXProjects/877A_Antireb_Parpadeo_ASM.X/AREBOTE_PARPADEO.asm



                              Symbols - Sorted by Address
                     Name    Address   Location    Storage File                     
                ---------  ---------  ---------  --------- ---------                
                 PARPADEO   0x000007    program     static /home/vill4in/MPLABXProjects/877A_Antireb_Parpadeo_ASM.X/AREBOTE_PARPADEO.asm
             _.org_0_0014   0x000014    program     static /home/vill4in/MPLABXProjects/877A_Antireb_Parpadeo_ASM.X/AREBOTE_PARPADEO.asm
             _.org_0_0016   0x000016    program     static /home/vill4in/MPLABXProjects/877A_Antireb_Parpadeo_ASM.X/AREBOTE_PARPADEO.asm
             _.org_0_002B   0x00002b    program     static /home/vill4in/MPLABXProjects/877A_Antireb_Parpadeo_ASM.X/AREBOTE_PARPADEO.asm
             _.org_0_002D   0x00002d    program     static /home/vill4in/MPLABXProjects/877A_Antireb_Parpadeo_ASM.X/AREBOTE_PARPADEO.asm


